// Jest Snapshot v1, https://goo.gl/fbAQLP

exports[`Component renders 1`] = `
<div>
  You have clicked the button 
  1
   times
</div>
`;
