// Jest Snapshot v1, https://goo.gl/fbAQLP

exports[`Component renders 1`] = `
<button
  className="button"
  onClick={[Function]}
>
  The Button
</button>
`;
