// Jest Snapshot v1, https://goo.gl/fbAQLP

exports[`Component renders 1`] = `
<div>
  Hello 
  world
  !
</div>
`;
