// Jest Snapshot v1, https://goo.gl/fbAQLP

exports[`Component renders 1`] = `
<div>
  <input
    onChange={[Function]}
    placeholder="Enter a SQL statement"
    type="text"
  />
  <button
    className="button"
    onClick={[Function]}
  >
    Send
  </button>
</div>
`;
